[     562ms] [INFO] %cDownload the React DevTools for a better development experience: https://react.dev/link/react-devtools font-weight:bold @ http://localhost:3100/_next/static/chunks/node_modules_next_dist_1e8vcs8._.js:776
[     572ms] [LOG] [HMR] connected @ http://localhost:3100/_next/static/chunks/node_modules_next_dist_1e8vcs8._.js:776
[     612ms] [LOG] %c[Vercel Web Analytics]%c Debug mode is enabled by default in development. No requests will be sent to the server. color: rgb(120, 120, 120) color: inherit @ http://localhost:3100/_next/static/chunks/node_modules_next_dist_1e8vcs8._.js:776
[     612ms] [LOG] %c[Vercel Web Analytics]%c Running queued event color: rgb(120, 120, 120) color: inherit pageview {route: /r/[id], path: /r/harbor} @ http://localhost:3100/_next/static/chunks/node_modules_next_dist_1e8vcs8._.js:776
[     612ms] [LOG] %c[Vercel Web Analytics]%c Running queued event color: rgb(120, 120, 120) color: inherit pageview {route: /r/[id], path: /r/harbor} @ http://localhost:3100/_next/static/chunks/node_modules_next_dist_1e8vcs8._.js:776
[     612ms] [LOG] %c[Vercel Web Analytics]%c [view] http://localhost:3100/r/harbor color: rgb(120, 120, 120) color: inherit {o: http://localhost:3100/r/harbor, sv: 0.1.3, sdkn: @vercel/analytics/next, sdkv: 2.0.1, ts: 1789582420428} /_vercel/insights/view @ http://localhost:3100/_next/static/chunks/node_modules_next_dist_1e8vcs8._.js:776
[     612ms] [LOG] %c[Vercel Web Analytics]%c [view] http://localhost:3100/r/harbor color: rgb(120, 120, 120) color: inherit {o: http://localhost:3100/r/harbor, sv: 0.1.3, sdkn: @vercel/analytics/next, sdkv: 2.0.1, ts: 1789582420428} /_vercel/insights/view @ http://localhost:3100/_next/static/chunks/node_modules_next_dist_1e8vcs8._.js:776
[ 4417275ms] [LOG] [Fast Refresh] rebuilding @ http://localhost:3100/_next/static/chunks/node_modules_next_dist_1e8vcs8._.js:776
[ 4417313ms] [LOG] [Fast Refresh] done in 63ms @ http://localhost:3100/_next/static/chunks/node_modules_next_dist_1e8vcs8._.js:776
[ 4428534ms] [LOG] [Fast Refresh] rebuilding @ http://localhost:3100/_next/static/chunks/node_modules_next_dist_1e8vcs8._.js:776
[ 4428569ms] [LOG] [Fast Refresh] done in 2ms @ http://localhost:3100/_next/static/chunks/node_modules_next_dist_1e8vcs8._.js:776
[ 4428739ms] [LOG] [Fast Refresh] rebuilding @ http://localhost:3100/_next/static/chunks/node_modules_next_dist_1e8vcs8._.js:776
[ 4428774ms] [LOG] [Fast Refresh] done in 2ms @ http://localhost:3100/_next/static/chunks/node_modules_next_dist_1e8vcs8._.js:776
[ 4468404ms] [LOG] [Fast Refresh] rebuilding @ http://localhost:3100/_next/static/chunks/node_modules_next_dist_1e8vcs8._.js:776
[ 4468439ms] [LOG] [Fast Refresh] done in 2ms @ http://localhost:3100/_next/static/chunks/node_modules_next_dist_1e8vcs8._.js:776
[ 4470019ms] [LOG] [Fast Refresh] rebuilding @ http://localhost:3100/_next/static/chunks/node_modules_next_dist_1e8vcs8._.js:776
[ 4470075ms] [LOG] [Fast Refresh] done in 109ms @ http://localhost:3100/_next/static/chunks/node_modules_next_dist_1e8vcs8._.js:776
[ 4470113ms] [LOG] [Fast Refresh] done in 109ms @ http://localhost:3100/_next/static/chunks/node_modules_next_dist_1e8vcs8._.js:776
[ 4470175ms] [LOG] [Fast Refresh] rebuilding @ http://localhost:3100/_next/static/chunks/node_modules_next_dist_1e8vcs8._.js:776
[ 4470226ms] [LOG] [Fast Refresh] done in 52ms @ http://localhost:3100/_next/static/chunks/node_modules_next_dist_1e8vcs8._.js:776
[ 4470261ms] [LOG] [Fast Refresh] done in 52ms @ http://localhost:3100/_next/static/chunks/node_modules_next_dist_1e8vcs8._.js:776
[ 4567350ms] [LOG] [Fast Refresh] done in 52ms @ http://localhost:3100/_next/static/chunks/node_modules_next_dist_1e8vcs8._.js:776
[ 4567482ms] [LOG] [Fast Refresh] done in 52ms @ http://localhost:3100/_next/static/chunks/node_modules_next_dist_1e8vcs8._.js:776
[ 4567579ms] [LOG] [Fast Refresh] done in 52ms @ http://localhost:3100/_next/static/chunks/node_modules_next_dist_1e8vcs8._.js:776
[ 4567652ms] [LOG] [Fast Refresh] done in 52ms @ http://localhost:3100/_next/static/chunks/node_modules_next_dist_1e8vcs8._.js:776
[ 4588504ms] [LOG] [Fast Refresh] done in 52ms @ http://localhost:3100/_next/static/chunks/node_modules_next_dist_1e8vcs8._.js:776
[ 4588550ms] [LOG] [Fast Refresh] done in 52ms @ http://localhost:3100/_next/static/chunks/node_modules_next_dist_1e8vcs8._.js:776
[ 4591075ms] [LOG] [Fast Refresh] done in 52ms @ http://localhost:3100/_next/static/chunks/node_modules_next_dist_1e8vcs8._.js:776
[ 4591393ms] [LOG] [Fast Refresh] done in 52ms @ http://localhost:3100/_next/static/chunks/node_modules_next_dist_1e8vcs8._.js:776
[ 4591809ms] [LOG] [Fast Refresh] done in 52ms @ http://localhost:3100/_next/static/chunks/node_modules_next_dist_1e8vcs8._.js:776
[ 4592045ms] [LOG] [Fast Refresh] done in 52ms @ http://localhost:3100/_next/static/chunks/node_modules_next_dist_1e8vcs8._.js:776
[ 4592131ms] [LOG] [Fast Refresh] done in 52ms @ http://localhost:3100/_next/static/chunks/node_modules_next_dist_1e8vcs8._.js:776
[ 4592545ms] [LOG] [Fast Refresh] done in 52ms @ http://localhost:3100/_next/static/chunks/node_modules_next_dist_1e8vcs8._.js:776
[ 4592624ms] [LOG] [Fast Refresh] done in 52ms @ http://localhost:3100/_next/static/chunks/node_modules_next_dist_1e8vcs8._.js:776
[ 4593038ms] [LOG] [Fast Refresh] done in 52ms @ http://localhost:3100/_next/static/chunks/node_modules_next_dist_1e8vcs8._.js:776
[ 4593673ms] [LOG] [Fast Refresh] done in 52ms @ http://localhost:3100/_next/static/chunks/node_modules_next_dist_1e8vcs8._.js:776
[ 4593755ms] [LOG] [Fast Refresh] done in 52ms @ http://localhost:3100/_next/static/chunks/node_modules_next_dist_1e8vcs8._.js:776
[ 4593980ms] [LOG] [Fast Refresh] done in 52ms @ http://localhost:3100/_next/static/chunks/node_modules_next_dist_1e8vcs8._.js:776
[ 4594499ms] [LOG] [Fast Refresh] done in 52ms @ http://localhost:3100/_next/static/chunks/node_modules_next_dist_1e8vcs8._.js:776
[ 4594828ms] [LOG] [Fast Refresh] done in 52ms @ http://localhost:3100/_next/static/chunks/node_modules_next_dist_1e8vcs8._.js:776
[ 4595404ms] [LOG] [Fast Refresh] done in 52ms @ http://localhost:3100/_next/static/chunks/node_modules_next_dist_1e8vcs8._.js:776
[ 4595481ms] [LOG] [Fast Refresh] done in 52ms @ http://localhost:3100/_next/static/chunks/node_modules_next_dist_1e8vcs8._.js:776
[ 4595562ms] [LOG] [Fast Refresh] done in 52ms @ http://localhost:3100/_next/static/chunks/node_modules_next_dist_1e8vcs8._.js:776
[ 4596283ms] [LOG] [Fast Refresh] done in 52ms @ http://localhost:3100/_next/static/chunks/node_modules_next_dist_1e8vcs8._.js:776
[ 4596380ms] [LOG] [Fast Refresh] done in 52ms @ http://localhost:3100/_next/static/chunks/node_modules_next_dist_1e8vcs8._.js:776
[ 4598075ms] [LOG] [Fast Refresh] done in 52ms @ http://localhost:3100/_next/static/chunks/node_modules_next_dist_1e8vcs8._.js:776
[ 4598688ms] [LOG] [Fast Refresh] done in 52ms @ http://localhost:3100/_next/static/chunks/node_modules_next_dist_1e8vcs8._.js:776
[ 4598925ms] [LOG] [Fast Refresh] done in 52ms @ http://localhost:3100/_next/static/chunks/node_modules_next_dist_1e8vcs8._.js:776
[ 4599058ms] [LOG] [Fast Refresh] done in 52ms @ http://localhost:3100/_next/static/chunks/node_modules_next_dist_1e8vcs8._.js:776
[ 4599138ms] [LOG] [Fast Refresh] done in 52ms @ http://localhost:3100/_next/static/chunks/node_modules_next_dist_1e8vcs8._.js:776
[ 4599309ms] [LOG] [Fast Refresh] done in 52ms @ http://localhost:3100/_next/static/chunks/node_modules_next_dist_1e8vcs8._.js:776
[ 4599382ms] [LOG] [Fast Refresh] done in 52ms @ http://localhost:3100/_next/static/chunks/node_modules_next_dist_1e8vcs8._.js:776
[ 4599773ms] [LOG] [Fast Refresh] done in 52ms @ http://localhost:3100/_next/static/chunks/node_modules_next_dist_1e8vcs8._.js:776
[ 4599853ms] [LOG] [Fast Refresh] done in 52ms @ http://localhost:3100/_next/static/chunks/node_modules_next_dist_1e8vcs8._.js:776
[ 4600034ms] [LOG] [Fast Refresh] done in 52ms @ http://localhost:3100/_next/static/chunks/node_modules_next_dist_1e8vcs8._.js:776
[ 4600115ms] [LOG] [Fast Refresh] done in 52ms @ http://localhost:3100/_next/static/chunks/node_modules_next_dist_1e8vcs8._.js:776
[ 4600435ms] [LOG] [Fast Refresh] done in 52ms @ http://localhost:3100/_next/static/chunks/node_modules_next_dist_1e8vcs8._.js:776
[ 4600503ms] [LOG] [Fast Refresh] done in 52ms @ http://localhost:3100/_next/static/chunks/node_modules_next_dist_1e8vcs8._.js:776
[ 4600659ms] [LOG] [Fast Refresh] done in 52ms @ http://localhost:3100/_next/static/chunks/node_modules_next_dist_1e8vcs8._.js:776
[ 4600728ms] [LOG] [Fast Refresh] done in 52ms @ http://localhost:3100/_next/static/chunks/node_modules_next_dist_1e8vcs8._.js:776
[ 4601068ms] [LOG] [Fast Refresh] done in 52ms @ http://localhost:3100/_next/static/chunks/node_modules_next_dist_1e8vcs8._.js:776
[ 4601144ms] [LOG] [Fast Refresh] done in 52ms @ http://localhost:3100/_next/static/chunks/node_modules_next_dist_1e8vcs8._.js:776
[ 4601392ms] [LOG] [Fast Refresh] done in 52ms @ http://localhost:3100/_next/static/chunks/node_modules_next_dist_1e8vcs8._.js:776
[ 4601471ms] [LOG] [Fast Refresh] done in 52ms @ http://localhost:3100/_next/static/chunks/node_modules_next_dist_1e8vcs8._.js:776
[ 4601558ms] [LOG] [Fast Refresh] done in 52ms @ http://localhost:3100/_next/static/chunks/node_modules_next_dist_1e8vcs8._.js:776
[ 4601623ms] [LOG] [Fast Refresh] done in 52ms @ http://localhost:3100/_next/static/chunks/node_modules_next_dist_1e8vcs8._.js:776
[ 4602119ms] [LOG] [Fast Refresh] done in 52ms @ http://localhost:3100/_next/static/chunks/node_modules_next_dist_1e8vcs8._.js:776
[ 4602199ms] [LOG] [Fast Refresh] done in 52ms @ http://localhost:3100/_next/static/chunks/node_modules_next_dist_1e8vcs8._.js:776
[ 4602560ms] [LOG] [Fast Refresh] done in 52ms @ http://localhost:3100/_next/static/chunks/node_modules_next_dist_1e8vcs8._.js:776
[ 4602628ms] [LOG] [Fast Refresh] done in 52ms @ http://localhost:3100/_next/static/chunks/node_modules_next_dist_1e8vcs8._.js:776
[ 4604214ms] [LOG] [Fast Refresh] done in 52ms @ http://localhost:3100/_next/static/chunks/node_modules_next_dist_1e8vcs8._.js:776
[ 4686785ms] [LOG] [Fast Refresh] rebuilding @ http://localhost:3100/_next/static/chunks/node_modules_next_dist_1e8vcs8._.js:776
[ 4686862ms] [LOG] [Fast Refresh] done in 14ms @ http://localhost:3100/_next/static/chunks/node_modules_next_dist_1e8vcs8._.js:776
[ 4688253ms] [LOG] [Fast Refresh] rebuilding @ http://localhost:3100/_next/static/chunks/node_modules_next_dist_1e8vcs8._.js:776
[ 4688287ms] [LOG] [Fast Refresh] done in 69ms @ http://localhost:3100/_next/static/chunks/node_modules_next_dist_1e8vcs8._.js:776
[ 4688522ms] [LOG] [Fast Refresh] done in 69ms @ http://localhost:3100/_next/static/chunks/node_modules_next_dist_1e8vcs8._.js:776
[ 4703683ms] [LOG] [Fast Refresh] done in 69ms @ http://localhost:3100/_next/static/chunks/node_modules_next_dist_1e8vcs8._.js:776
[ 4705448ms] [LOG] [Fast Refresh] done in 69ms @ http://localhost:3100/_next/static/chunks/node_modules_next_dist_1e8vcs8._.js:776
[ 4705741ms] [LOG] [Fast Refresh] done in 69ms @ http://localhost:3100/_next/static/chunks/node_modules_next_dist_1e8vcs8._.js:776
[ 4706291ms] [LOG] [Fast Refresh] done in 69ms @ http://localhost:3100/_next/static/chunks/node_modules_next_dist_1e8vcs8._.js:776
[ 4706374ms] [LOG] [Fast Refresh] done in 69ms @ http://localhost:3100/_next/static/chunks/node_modules_next_dist_1e8vcs8._.js:776
[ 4706787ms] [LOG] [Fast Refresh] done in 69ms @ http://localhost:3100/_next/static/chunks/node_modules_next_dist_1e8vcs8._.js:776
[ 4706856ms] [LOG] [Fast Refresh] done in 69ms @ http://localhost:3100/_next/static/chunks/node_modules_next_dist_1e8vcs8._.js:776
[ 4707192ms] [LOG] [Fast Refresh] done in 69ms @ http://localhost:3100/_next/static/chunks/node_modules_next_dist_1e8vcs8._.js:776
[ 4707223ms] [LOG] [Fast Refresh] done in 69ms @ http://localhost:3100/_next/static/chunks/node_modules_next_dist_1e8vcs8._.js:776
[ 4707769ms] [LOG] [Fast Refresh] done in 69ms @ http://localhost:3100/_next/static/chunks/node_modules_next_dist_1e8vcs8._.js:776
[ 4707844ms] [LOG] [Fast Refresh] done in 69ms @ http://localhost:3100/_next/static/chunks/node_modules_next_dist_1e8vcs8._.js:776
[ 4708046ms] [LOG] [Fast Refresh] done in 69ms @ http://localhost:3100/_next/static/chunks/node_modules_next_dist_1e8vcs8._.js:776
[ 4708397ms] [LOG] [Fast Refresh] done in 69ms @ http://localhost:3100/_next/static/chunks/node_modules_next_dist_1e8vcs8._.js:776
[ 4708468ms] [LOG] [Fast Refresh] done in 69ms @ http://localhost:3100/_next/static/chunks/node_modules_next_dist_1e8vcs8._.js:776
[ 4710152ms] [LOG] [Fast Refresh] done in 69ms @ http://localhost:3100/_next/static/chunks/node_modules_next_dist_1e8vcs8._.js:776
[ 4710197ms] [LOG] [Fast Refresh] done in 69ms @ http://localhost:3100/_next/static/chunks/node_modules_next_dist_1e8vcs8._.js:776
[ 4725552ms] [LOG] [Fast Refresh] done in 69ms @ http://localhost:3100/_next/static/chunks/node_modules_next_dist_1e8vcs8._.js:776
[ 4725641ms] [LOG] [Fast Refresh] done in 69ms @ http://localhost:3100/_next/static/chunks/node_modules_next_dist_1e8vcs8._.js:776
[ 4725695ms] [LOG] [Fast Refresh] done in 69ms @ http://localhost:3100/_next/static/chunks/node_modules_next_dist_1e8vcs8._.js:776
[ 4758441ms] [LOG] [Fast Refresh] done in 69ms @ http://localhost:3100/_next/static/chunks/node_modules_next_dist_1e8vcs8._.js:776
[ 4758507ms] [LOG] [Fast Refresh] done in 69ms @ http://localhost:3100/_next/static/chunks/node_modules_next_dist_1e8vcs8._.js:776
[ 4758569ms] [LOG] [Fast Refresh] done in 69ms @ http://localhost:3100/_next/static/chunks/node_modules_next_dist_1e8vcs8._.js:776
